[ 3309422ms] [ERROR] TypeError: Cannot read properties of null (reading 'userAuthTree')
    at zMe (https://sitrektest.ddns.net:20081/assets/index-CSDAPYed.js:250:36462)
    at LO (https://sitrektest.ddns.net:20081/assets/index-CSDAPYed.js:39:17031)
    at VT (https://sitrektest.ddns.net:20081/assets/index-CSDAPYed.js:41:3143)
    at QK (https://sitrektest.ddns.net:20081/assets/index-CSDAPYed.js:41:44880)
    at JK (https://sitrektest.ddns.net:20081/assets/index-CSDAPYed.js:41:39822)
    at ide (https://sitrektest.ddns.net:20081/assets/index-CSDAPYed.js:41:39748)
    at g4 (https://sitrektest.ddns.net:20081/assets/index-CSDAPYed.js:41:39598)
    at QT (https://sitrektest.ddns.net:20081/assets/index-CSDAPYed.js:41:35960)
    at wD (https://sitrektest.ddns.net:20081/assets/index-CSDAPYed.js:41:36765)
    at Nh (https://sitrektest.ddns.net:20081/assets/index-CSDAPYed.js:39:3288) @ https://sitrektest.ddns.net:20081/assets/index-CSDAPYed.js:40
[ 3309482ms] TypeError: Cannot read properties of null (reading 'userAuthTree')
    at zMe (https://sitrektest.ddns.net:20081/assets/index-CSDAPYed.js:250:36462)
    at LO (https://sitrektest.ddns.net:20081/assets/index-CSDAPYed.js:39:17031)
    at VT (https://sitrektest.ddns.net:20081/assets/index-CSDAPYed.js:41:3143)
    at QK (https://sitrektest.ddns.net:20081/assets/index-CSDAPYed.js:41:44880)
    at JK (https://sitrektest.ddns.net:20081/assets/index-CSDAPYed.js:41:39822)
    at ide (https://sitrektest.ddns.net:20081/assets/index-CSDAPYed.js:41:39748)
    at g4 (https://sitrektest.ddns.net:20081/assets/index-CSDAPYed.js:41:39598)
    at QT (https://sitrektest.ddns.net:20081/assets/index-CSDAPYed.js:41:35960)
    at wD (https://sitrektest.ddns.net:20081/assets/index-CSDAPYed.js:41:36765)
    at Nh (https://sitrektest.ddns.net:20081/assets/index-CSDAPYed.js:39:3288)
[ 3329318ms] [ERROR] Failed to load resource: the server responded with a status of 400 (Bad Request) @ https://sitrektest.ddns.net:20081/api/auth/sign-in:0
[ 3329319ms] [ERROR] Error during sign in: {message: Please check Username and Password is correct} @ https://sitrektest.ddns.net:20081/assets/index-CSDAPYed.js:249
[ 3329319ms] [ERROR] {message: Please check Username and Password is correct} @ https://sitrektest.ddns.net:20081/assets/jwt-sign-up-view-B_uxlSIX.js:4
[ 3340792ms] [ERROR] Failed to load resource: the server responded with a status of 400 (Bad Request) @ https://sitrektest.ddns.net:20081/api/auth/sign-in:0
[ 3340793ms] [ERROR] Error during sign in: {message: Please check Username and Password is correct} @ https://sitrektest.ddns.net:20081/assets/index-CSDAPYed.js:249
[ 3340793ms] [ERROR] {message: Please check Username and Password is correct} @ https://sitrektest.ddns.net:20081/assets/jwt-sign-up-view-B_uxlSIX.js:4
[ 3342985ms] [ERROR] Failed to load resource: the server responded with a status of 400 (Bad Request) @ https://sitrektest.ddns.net:20081/api/auth/sign-in:0
[ 3342986ms] [ERROR] Error during sign in: {message: Please check Username and Password is correct} @ https://sitrektest.ddns.net:20081/assets/index-CSDAPYed.js:249
[ 3342987ms] [ERROR] {message: Please check Username and Password is correct} @ https://sitrektest.ddns.net:20081/assets/jwt-sign-up-view-B_uxlSIX.js:4
[ 3347247ms] [ERROR] Failed to load resource: the server responded with a status of 400 (Bad Request) @ https://sitrektest.ddns.net:20081/api/auth/sign-in:0
[ 3347248ms] [ERROR] Error during sign in: {message: Please check Username and Password is correct} @ https://sitrektest.ddns.net:20081/assets/index-CSDAPYed.js:249
[ 3347248ms] [ERROR] {message: Please check Username and Password is correct} @ https://sitrektest.ddns.net:20081/assets/jwt-sign-up-view-B_uxlSIX.js:4
[ 3363124ms] [ERROR] Failed to load resource: the server responded with a status of 400 (Bad Request) @ https://sitrektest.ddns.net:20081/api/auth/sign-in:0
[ 3363125ms] [ERROR] Error during sign in: {message: Please check Username and Password is correct} @ https://sitrektest.ddns.net:20081/assets/index-CSDAPYed.js:249
[ 3363125ms] [ERROR] {message: Please check Username and Password is correct} @ https://sitrektest.ddns.net:20081/assets/jwt-sign-up-view-B_uxlSIX.js:4
[ 3369968ms] [ERROR] Failed to load resource: the server responded with a status of 400 (Bad Request) @ https://sitrektest.ddns.net:20081/api/auth/sign-in:0
[ 3369969ms] [ERROR] Error during sign in: {message: Please check Username and Password is correct} @ https://sitrektest.ddns.net:20081/assets/index-CSDAPYed.js:249
[ 3369970ms] [ERROR] {message: Please check Username and Password is correct} @ https://sitrektest.ddns.net:20081/assets/jwt-sign-up-view-B_uxlSIX.js:4
[ 3380504ms] [ERROR] Failed to load resource: the server responded with a status of 400 (Bad Request) @ https://sitrektest.ddns.net:20081/api/auth/sign-in:0
[ 3380505ms] [ERROR] Error during sign in: {message: Please check Username and Password is correct} @ https://sitrektest.ddns.net:20081/assets/index-CSDAPYed.js:249
[ 3380505ms] [ERROR] {message: Please check Username and Password is correct} @ https://sitrektest.ddns.net:20081/assets/jwt-sign-up-view-B_uxlSIX.js:4
[ 3418211ms] [ERROR] TypeError: Cannot read properties of null (reading 'userAuthTree')
    at zMe (https://sitrektest.ddns.net:20081/assets/index-CSDAPYed.js:250:36462)
    at LO (https://sitrektest.ddns.net:20081/assets/index-CSDAPYed.js:39:17031)
    at VT (https://sitrektest.ddns.net:20081/assets/index-CSDAPYed.js:41:3143)
    at QK (https://sitrektest.ddns.net:20081/assets/index-CSDAPYed.js:41:44880)
    at JK (https://sitrektest.ddns.net:20081/assets/index-CSDAPYed.js:41:39822)
    at ide (https://sitrektest.ddns.net:20081/assets/index-CSDAPYed.js:41:39748)
    at g4 (https://sitrektest.ddns.net:20081/assets/index-CSDAPYed.js:41:39598)
    at QT (https://sitrektest.ddns.net:20081/assets/index-CSDAPYed.js:41:35960)
    at wD (https://sitrektest.ddns.net:20081/assets/index-CSDAPYed.js:41:36765)
    at Nh (https://sitrektest.ddns.net:20081/assets/index-CSDAPYed.js:39:3288) @ https://sitrektest.ddns.net:20081/assets/index-CSDAPYed.js:40
[ 3418212ms] TypeError: Cannot read properties of null (reading 'userAuthTree')
    at zMe (https://sitrektest.ddns.net:20081/assets/index-CSDAPYed.js:250:36462)
    at LO (https://sitrektest.ddns.net:20081/assets/index-CSDAPYed.js:39:17031)
    at VT (https://sitrektest.ddns.net:20081/assets/index-CSDAPYed.js:41:3143)
    at QK (https://sitrektest.ddns.net:20081/assets/index-CSDAPYed.js:41:44880)
    at JK (https://sitrektest.ddns.net:20081/assets/index-CSDAPYed.js:41:39822)
    at ide (https://sitrektest.ddns.net:20081/assets/index-CSDAPYed.js:41:39748)
    at g4 (https://sitrektest.ddns.net:20081/assets/index-CSDAPYed.js:41:39598)
    at QT (https://sitrektest.ddns.net:20081/assets/index-CSDAPYed.js:41:35960)
    at wD (https://sitrektest.ddns.net:20081/assets/index-CSDAPYed.js:41:36765)
    at Nh (https://sitrektest.ddns.net:20081/assets/index-CSDAPYed.js:39:3288)
[ 3430037ms] [ERROR] Failed to load resource: the server responded with a status of 400 (Bad Request) @ https://sitrektest.ddns.net:20081/api/auth/sign-in:0
[ 3430038ms] [ERROR] Error during sign in: {message: Please check Username and Password is correct} @ https://sitrektest.ddns.net:20081/assets/index-CSDAPYed.js:249
[ 3430039ms] [ERROR] {message: Please check Username and Password is correct} @ https://sitrektest.ddns.net:20081/assets/jwt-sign-up-view-B_uxlSIX.js:4
[ 3438634ms] [ERROR] Failed to load resource: the server responded with a status of 400 (Bad Request) @ https://sitrektest.ddns.net:20081/api/auth/sign-in:0
[ 3438635ms] [ERROR] Error during sign in: {message: Please check Username and Password is correct} @ https://sitrektest.ddns.net:20081/assets/index-CSDAPYed.js:249
[ 3438635ms] [ERROR] {message: Please check Username and Password is correct} @ https://sitrektest.ddns.net:20081/assets/jwt-sign-up-view-B_uxlSIX.js:4
[ 3439986ms] [ERROR] Failed to load resource: the server responded with a status of 400 (Bad Request) @ https://sitrektest.ddns.net:20081/api/auth/sign-in:0
[ 3439987ms] [ERROR] Error during sign in: {message: Please check Username and Password is correct} @ https://sitrektest.ddns.net:20081/assets/index-CSDAPYed.js:249
[ 3439987ms] [ERROR] {message: Please check Username and Password is correct} @ https://sitrektest.ddns.net:20081/assets/jwt-sign-up-view-B_uxlSIX.js:4
[ 3445876ms] [ERROR] Failed to load resource: the server responded with a status of 400 (Bad Request) @ https://sitrektest.ddns.net:20081/api/auth/sign-in:0
[ 3445877ms] [ERROR] Error during sign in: {message: Please check Username and Password is correct} @ https://sitrektest.ddns.net:20081/assets/index-CSDAPYed.js:249
[ 3445877ms] [ERROR] {message: Please check Username and Password is correct} @ https://sitrektest.ddns.net:20081/assets/jwt-sign-up-view-B_uxlSIX.js:4
[ 3448372ms] [ERROR] Failed to load resource: the server responded with a status of 400 (Bad Request) @ https://sitrektest.ddns.net:20081/api/auth/sign-in:0
[ 3448372ms] [ERROR] Error during sign in: {message: Please check Username and Password is correct} @ https://sitrektest.ddns.net:20081/assets/index-CSDAPYed.js:249
[ 3448373ms] [ERROR] {message: Please check Username and Password is correct} @ https://sitrektest.ddns.net:20081/assets/jwt-sign-up-view-B_uxlSIX.js:4
[ 3473953ms] [ERROR] Failed to load resource: the server responded with a status of 400 (Bad Request) @ https://sitrektest.ddns.net:20081/api/auth/sign-in:0
[ 3473954ms] [ERROR] Error during sign in: {message: Please check Username and Password is correct} @ https://sitrektest.ddns.net:20081/assets/index-CSDAPYed.js:249
[ 3473954ms] [ERROR] {message: Please check Username and Password is correct} @ https://sitrektest.ddns.net:20081/assets/jwt-sign-up-view-B_uxlSIX.js:4
[ 3474727ms] [ERROR] Failed to load resource: the server responded with a status of 400 (Bad Request) @ https://sitrektest.ddns.net:20081/api/auth/sign-in:0
[ 3474727ms] [ERROR] Error during sign in: {message: Please check Username and Password is correct} @ https://sitrektest.ddns.net:20081/assets/index-CSDAPYed.js:249
[ 3474728ms] [ERROR] {message: Please check Username and Password is correct} @ https://sitrektest.ddns.net:20081/assets/jwt-sign-up-view-B_uxlSIX.js:4
[ 3475077ms] [ERROR] Failed to load resource: the server responded with a status of 400 (Bad Request) @ https://sitrektest.ddns.net:20081/api/auth/sign-in:0
[ 3475079ms] [ERROR] Error during sign in: {message: Please check Username and Password is correct} @ https://sitrektest.ddns.net:20081/assets/index-CSDAPYed.js:249
[ 3475080ms] [ERROR] {message: Please check Username and Password is correct} @ https://sitrektest.ddns.net:20081/assets/jwt-sign-up-view-B_uxlSIX.js:4
[ 3475444ms] [ERROR] Failed to load resource: the server responded with a status of 400 (Bad Request) @ https://sitrektest.ddns.net:20081/api/auth/sign-in:0
[ 3475445ms] [ERROR] Error during sign in: {message: Please check Username and Password is correct} @ https://sitrektest.ddns.net:20081/assets/index-CSDAPYed.js:249
[ 3475446ms] [ERROR] {message: Please check Username and Password is correct} @ https://sitrektest.ddns.net:20081/assets/jwt-sign-up-view-B_uxlSIX.js:4
[ 3475876ms] [ERROR] Failed to load resource: the server responded with a status of 400 (Bad Request) @ https://sitrektest.ddns.net:20081/api/auth/sign-in:0
[ 3475877ms] [ERROR] Error during sign in: {message: Please check Username and Password is correct} @ https://sitrektest.ddns.net:20081/assets/index-CSDAPYed.js:249
[ 3475877ms] [ERROR] {message: Please check Username and Password is correct} @ https://sitrektest.ddns.net:20081/assets/jwt-sign-up-view-B_uxlSIX.js:4
[ 3478384ms] [ERROR] Failed to load resource: the server responded with a status of 400 (Bad Request) @ https://sitrektest.ddns.net:20081/api/auth/sign-in:0
[ 3478385ms] [ERROR] Error during sign in: {message: Please check Username and Password is correct} @ https://sitrektest.ddns.net:20081/assets/index-CSDAPYed.js:249
[ 3478385ms] [ERROR] {message: Please check Username and Password is correct} @ https://sitrektest.ddns.net:20081/assets/jwt-sign-up-view-B_uxlSIX.js:4
[ 3478748ms] [ERROR] Failed to load resource: the server responded with a status of 400 (Bad Request) @ https://sitrektest.ddns.net:20081/api/auth/sign-in:0
[ 3478749ms] [ERROR] Error during sign in: {message: Please check Username and Password is correct} @ https://sitrektest.ddns.net:20081/assets/index-CSDAPYed.js:249
[ 3478749ms] [ERROR] {message: Please check Username and Password is correct} @ https://sitrektest.ddns.net:20081/assets/jwt-sign-up-view-B_uxlSIX.js:4
[ 3479085ms] [ERROR] Failed to load resource: the server responded with a status of 400 (Bad Request) @ https://sitrektest.ddns.net:20081/api/auth/sign-in:0
[ 3479085ms] [ERROR] Error during sign in: {message: Please check Username and Password is correct} @ https://sitrektest.ddns.net:20081/assets/index-CSDAPYed.js:249
[ 3479086ms] [ERROR] {message: Please check Username and Password is correct} @ https://sitrektest.ddns.net:20081/assets/jwt-sign-up-view-B_uxlSIX.js:4
[ 3479421ms] [ERROR] Failed to load resource: the server responded with a status of 400 (Bad Request) @ https://sitrektest.ddns.net:20081/api/auth/sign-in:0
[ 3479422ms] [ERROR] Error during sign in: {message: Please check Username and Password is correct} @ https://sitrektest.ddns.net:20081/assets/index-CSDAPYed.js:249
[ 3479423ms] [ERROR] {message: Please check Username and Password is correct} @ https://sitrektest.ddns.net:20081/assets/jwt-sign-up-view-B_uxlSIX.js:4
[ 3479838ms] [ERROR] Failed to load resource: the server responded with a status of 400 (Bad Request) @ https://sitrektest.ddns.net:20081/api/auth/sign-in:0
[ 3479838ms] [ERROR] Error during sign in: {message: Please check Username and Password is correct} @ https://sitrektest.ddns.net:20081/assets/index-CSDAPYed.js:249
[ 3479838ms] [ERROR] {message: Please check Username and Password is correct} @ https://sitrektest.ddns.net:20081/assets/jwt-sign-up-view-B_uxlSIX.js:4
[ 3507096ms] [ERROR] Failed to load resource: the server responded with a status of 400 (Bad Request) @ https://sitrektest.ddns.net:20081/api/auth/sign-in:0
[ 3507097ms] [ERROR] Error during sign in: {message: Please check Username and Password is correct} @ https://sitrektest.ddns.net:20081/assets/index-CSDAPYed.js:249
[ 3507097ms] [ERROR] {message: Please check Username and Password is correct} @ https://sitrektest.ddns.net:20081/assets/jwt-sign-up-view-B_uxlSIX.js:4
[ 3508103ms] [ERROR] Failed to load resource: the server responded with a status of 400 (Bad Request) @ https://sitrektest.ddns.net:20081/api/auth/sign-in:0
[ 3508104ms] [ERROR] Error during sign in: {message: Please check Username and Password is correct} @ https://sitrektest.ddns.net:20081/assets/index-CSDAPYed.js:249
[ 3508104ms] [ERROR] {message: Please check Username and Password is correct} @ https://sitrektest.ddns.net:20081/assets/jwt-sign-up-view-B_uxlSIX.js:4
[ 3508503ms] [ERROR] Failed to load resource: the server responded with a status of 400 (Bad Request) @ https://sitrektest.ddns.net:20081/api/auth/sign-in:0
[ 3508504ms] [ERROR] Error during sign in: {message: Please check Username and Password is correct} @ https://sitrektest.ddns.net:20081/assets/index-CSDAPYed.js:249
[ 3508504ms] [ERROR] {message: Please check Username and Password is correct} @ https://sitrektest.ddns.net:20081/assets/jwt-sign-up-view-B_uxlSIX.js:4
[ 3508863ms] [ERROR] Failed to load resource: the server responded with a status of 400 (Bad Request) @ https://sitrektest.ddns.net:20081/api/auth/sign-in:0
[ 3508864ms] [ERROR] Error during sign in: {message: Please check Username and Password is correct} @ https://sitrektest.ddns.net:20081/assets/index-CSDAPYed.js:249
[ 3508864ms] [ERROR] {message: Please check Username and Password is correct} @ https://sitrektest.ddns.net:20081/assets/jwt-sign-up-view-B_uxlSIX.js:4
[ 3509279ms] [ERROR] Failed to load resource: the server responded with a status of 400 (Bad Request) @ https://sitrektest.ddns.net:20081/api/auth/sign-in:0
[ 3509280ms] [ERROR] Error during sign in: {message: Please check Username and Password is correct} @ https://sitrektest.ddns.net:20081/assets/index-CSDAPYed.js:249
[ 3509280ms] [ERROR] {message: Please check Username and Password is correct} @ https://sitrektest.ddns.net:20081/assets/jwt-sign-up-view-B_uxlSIX.js:4
[ 3512834ms] [ERROR] Failed to load resource: the server responded with a status of 400 (Bad Request) @ https://sitrektest.ddns.net:20081/api/auth/sign-in:0
[ 3512835ms] [ERROR] Error during sign in: {message: Please check Username and Password is correct} @ https://sitrektest.ddns.net:20081/assets/index-CSDAPYed.js:249
[ 3512835ms] [ERROR] {message: Please check Username and Password is correct} @ https://sitrektest.ddns.net:20081/assets/jwt-sign-up-view-B_uxlSIX.js:4
[ 3520146ms] [ERROR] Failed to load resource: the server responded with a status of 400 (Bad Request) @ https://sitrektest.ddns.net:20081/api/auth/sign-in:0
[ 3520146ms] [ERROR] Error during sign in: {message: Please check Username and Password is correct} @ https://sitrektest.ddns.net:20081/assets/index-CSDAPYed.js:249
[ 3520147ms] [ERROR] {message: Please check Username and Password is correct} @ https://sitrektest.ddns.net:20081/assets/jwt-sign-up-view-B_uxlSIX.js:4
[ 3532014ms] [ERROR] Failed to load resource: the server responded with a status of 400 (Bad Request) @ https://sitrektest.ddns.net:20081/api/auth/sign-in:0
[ 3532015ms] [ERROR] Error during sign in: {message: Please check Username and Password is correct} @ https://sitrektest.ddns.net:20081/assets/index-CSDAPYed.js:249
[ 3532015ms] [ERROR] {message: Please check Username and Password is correct} @ https://sitrektest.ddns.net:20081/assets/jwt-sign-up-view-B_uxlSIX.js:4
[ 3532684ms] [ERROR] Failed to load resource: the server responded with a status of 400 (Bad Request) @ https://sitrektest.ddns.net:20081/api/auth/sign-in:0
[ 3532685ms] [ERROR] Error during sign in: {message: Please check Username and Password is correct} @ https://sitrektest.ddns.net:20081/assets/index-CSDAPYed.js:249
[ 3532686ms] [ERROR] {message: Please check Username and Password is correct} @ https://sitrektest.ddns.net:20081/assets/jwt-sign-up-view-B_uxlSIX.js:4
[ 3532997ms] [ERROR] Failed to load resource: the server responded with a status of 400 (Bad Request) @ https://sitrektest.ddns.net:20081/api/auth/sign-in:0
[ 3532998ms] [ERROR] Error during sign in: {message: Please check Username and Password is correct} @ https://sitrektest.ddns.net:20081/assets/index-CSDAPYed.js:249
[ 3532998ms] [ERROR] {message: Please check Username and Password is correct} @ https://sitrektest.ddns.net:20081/assets/jwt-sign-up-view-B_uxlSIX.js:4
[ 3533363ms] [ERROR] Failed to load resource: the server responded with a status of 400 (Bad Request) @ https://sitrektest.ddns.net:20081/api/auth/sign-in:0
[ 3533364ms] [ERROR] Error during sign in: {message: Please check Username and Password is correct} @ https://sitrektest.ddns.net:20081/assets/index-CSDAPYed.js:249
[ 3533365ms] [ERROR] {message: Please check Username and Password is correct} @ https://sitrektest.ddns.net:20081/assets/jwt-sign-up-view-B_uxlSIX.js:4
[ 3533736ms] [ERROR] Failed to load resource: the server responded with a status of 400 (Bad Request) @ https://sitrektest.ddns.net:20081/api/auth/sign-in:0
[ 3533736ms] [ERROR] Error during sign in: {message: Please check Username and Password is correct} @ https://sitrektest.ddns.net:20081/assets/index-CSDAPYed.js:249
[ 3533737ms] [ERROR] {message: Please check Username and Password is correct} @ https://sitrektest.ddns.net:20081/assets/jwt-sign-up-view-B_uxlSIX.js:4
[ 3538393ms] [ERROR] Failed to load resource: the server responded with a status of 400 (Bad Request) @ https://sitrektest.ddns.net:20081/api/auth/sign-in:0
[ 3538394ms] [ERROR] Error during sign in: {message: Please check Username and Password is correct} @ https://sitrektest.ddns.net:20081/assets/index-CSDAPYed.js:249
[ 3538394ms] [ERROR] {message: Please check Username and Password is correct} @ https://sitrektest.ddns.net:20081/assets/jwt-sign-up-view-B_uxlSIX.js:4
[ 3663457ms] [ERROR] Failed to load resource: the server responded with a status of 400 (Bad Request) @ https://sitrektest.ddns.net:20081/api/auth/sign-in:0
[ 3663458ms] [ERROR] Error during sign in: {message: Please check Username and Password is correct} @ https://sitrektest.ddns.net:20081/assets/index-CSDAPYed.js:249
[ 3663458ms] [ERROR] {message: Please check Username and Password is correct} @ https://sitrektest.ddns.net:20081/assets/jwt-sign-up-view-B_uxlSIX.js:4
[ 3715477ms] [ERROR] TypeError: Cannot read properties of null (reading 'userAuthTree')
    at zMe (https://sitrektest.ddns.net:20081/assets/index-CSDAPYed.js:250:36462)
    at LO (https://sitrektest.ddns.net:20081/assets/index-CSDAPYed.js:39:17031)
    at VT (https://sitrektest.ddns.net:20081/assets/index-CSDAPYed.js:41:3143)
    at QK (https://sitrektest.ddns.net:20081/assets/index-CSDAPYed.js:41:44880)
    at JK (https://sitrektest.ddns.net:20081/assets/index-CSDAPYed.js:41:39822)
    at ide (https://sitrektest.ddns.net:20081/assets/index-CSDAPYed.js:41:39748)
    at g4 (https://sitrektest.ddns.net:20081/assets/index-CSDAPYed.js:41:39598)
    at QT (https://sitrektest.ddns.net:20081/assets/index-CSDAPYed.js:41:35960)
    at wD (https://sitrektest.ddns.net:20081/assets/index-CSDAPYed.js:41:36765)
    at Nh (https://sitrektest.ddns.net:20081/assets/index-CSDAPYed.js:39:3288) @ https://sitrektest.ddns.net:20081/assets/index-CSDAPYed.js:40
[ 3715480ms] TypeError: Cannot read properties of null (reading 'userAuthTree')
    at zMe (https://sitrektest.ddns.net:20081/assets/index-CSDAPYed.js:250:36462)
    at LO (https://sitrektest.ddns.net:20081/assets/index-CSDAPYed.js:39:17031)
    at VT (https://sitrektest.ddns.net:20081/assets/index-CSDAPYed.js:41:3143)
    at QK (https://sitrektest.ddns.net:20081/assets/index-CSDAPYed.js:41:44880)
    at JK (https://sitrektest.ddns.net:20081/assets/index-CSDAPYed.js:41:39822)
    at ide (https://sitrektest.ddns.net:20081/assets/index-CSDAPYed.js:41:39748)
    at g4 (https://sitrektest.ddns.net:20081/assets/index-CSDAPYed.js:41:39598)
    at QT (https://sitrektest.ddns.net:20081/assets/index-CSDAPYed.js:41:35960)
    at wD (https://sitrektest.ddns.net:20081/assets/index-CSDAPYed.js:41:36765)
    at Nh (https://sitrektest.ddns.net:20081/assets/index-CSDAPYed.js:39:3288)
