[ 1337999ms] [ERROR] TypeError: Cannot read properties of null (reading 'userAuthTree')
    at zMe (https://sitrektest.ddns.net:20081/assets/index-CSDAPYed.js:250:36462)
    at LO (https://sitrektest.ddns.net:20081/assets/index-CSDAPYed.js:39:17031)
    at VT (https://sitrektest.ddns.net:20081/assets/index-CSDAPYed.js:41:3143)
    at QK (https://sitrektest.ddns.net:20081/assets/index-CSDAPYed.js:41:44880)
    at JK (https://sitrektest.ddns.net:20081/assets/index-CSDAPYed.js:41:39822)
    at ide (https://sitrektest.ddns.net:20081/assets/index-CSDAPYed.js:41:39748)
    at g4 (https://sitrektest.ddns.net:20081/assets/index-CSDAPYed.js:41:39598)
    at QT (https://sitrektest.ddns.net:20081/assets/index-CSDAPYed.js:41:35960)
    at wD (https://sitrektest.ddns.net:20081/assets/index-CSDAPYed.js:41:36765)
    at Nh (https://sitrektest.ddns.net:20081/assets/index-CSDAPYed.js:39:3288) @ https://sitrektest.ddns.net:20081/assets/index-CSDAPYed.js:40
[ 1338002ms] TypeError: Cannot read properties of null (reading 'userAuthTree')
    at zMe (https://sitrektest.ddns.net:20081/assets/index-CSDAPYed.js:250:36462)
    at LO (https://sitrektest.ddns.net:20081/assets/index-CSDAPYed.js:39:17031)
    at VT (https://sitrektest.ddns.net:20081/assets/index-CSDAPYed.js:41:3143)
    at QK (https://sitrektest.ddns.net:20081/assets/index-CSDAPYed.js:41:44880)
    at JK (https://sitrektest.ddns.net:20081/assets/index-CSDAPYed.js:41:39822)
    at ide (https://sitrektest.ddns.net:20081/assets/index-CSDAPYed.js:41:39748)
    at g4 (https://sitrektest.ddns.net:20081/assets/index-CSDAPYed.js:41:39598)
    at QT (https://sitrektest.ddns.net:20081/assets/index-CSDAPYed.js:41:35960)
    at wD (https://sitrektest.ddns.net:20081/assets/index-CSDAPYed.js:41:36765)
    at Nh (https://sitrektest.ddns.net:20081/assets/index-CSDAPYed.js:39:3288)
